// Jest Snapshot v1, https://goo.gl/fbAQLP

exports[`TopBanner should render correctly with no props 1`] = `
<TopBanner
  classes={
    Object {
      "thumb": "TopBanner-thumb-1",
    }
  }
/>
`;
